2025-11-23 16:06:33,886 - INFO - 使用现有数据文件
2025-11-23 16:06:33,888 - INFO - 视频数据已加载到缓存
2025-11-23 16:06:34,232 - INFO - 操作数据已加载到缓存
2025-11-23 16:06:34,234 - INFO - 用户数据已加载到缓存
2025-11-23 16:06:34,234 - INFO - 所有数据预加载完成
2025-11-23 16:06:40,040 - INFO - 开始处理用户 243 的相似用户分析
2025-11-23 16:06:40,194 - ERROR - 寻找相似用户失败: 243
2025-11-23 16:06:40,195 - ERROR - 任务执行错误: 243
Traceback (most recent call last):
  File "D:\Python\Video_Great_Again\ui.py", line 305, in _execute_task
    results = task1_similar_users.find_similar_users(int(user_id))
  File "D:\Python\Video_Great_Again\task1_similar_users.py", line 80, in find_similar_users
    target_idx = _user_to_idx[target_user_id]
KeyError: 243
2025-11-23 16:06:42,240 - INFO - 开始处理用户 243 的相似用户分析
2025-11-23 16:06:42,240 - ERROR - 寻找相似用户失败: 243
2025-11-23 16:06:42,240 - ERROR - 任务执行错误: 243
Traceback (most recent call last):
  File "D:\Python\Video_Great_Again\ui.py", line 305, in _execute_task
    results = task1_similar_users.find_similar_users(int(user_id))
  File "D:\Python\Video_Great_Again\task1_similar_users.py", line 80, in find_similar_users
    target_idx = _user_to_idx[target_user_id]
KeyError: 243
2025-11-23 16:06:47,859 - INFO - 开始处理用户 11 的视频推荐
2025-11-23 16:06:47,860 - INFO - 用户已观看视频数: 63
2025-11-23 16:06:47,866 - INFO - 开始处理用户 11 的相似用户分析
2025-11-23 16:06:47,866 - ERROR - 寻找相似用户失败: 11
2025-11-23 16:06:47,866 - ERROR - 生成视频推荐失败: 11
2025-11-23 16:06:47,866 - ERROR - 任务执行错误: 11
Traceback (most recent call last):
  File "D:\Python\Video_Great_Again\ui.py", line 312, in _execute_task
    results = task2_recommend_videos.recommend_videos(int(user_id))
  File "D:\Python\Video_Great_Again\task2_recommend_videos.py", line 36, in recommend_videos
    similar_users_result = find_similar_users(target_user_id)
  File "D:\Python\Video_Great_Again\task1_similar_users.py", line 80, in find_similar_users
    target_idx = _user_to_idx[target_user_id]
KeyError: 11
2025-11-23 16:06:56,048 - INFO - 使用现有数据文件
2025-11-23 16:06:56,050 - INFO - 视频数据已加载到缓存
2025-11-23 16:06:56,390 - INFO - 操作数据已加载到缓存
2025-11-23 16:06:56,393 - INFO - 用户数据已加载到缓存
2025-11-23 16:06:56,393 - INFO - 所有数据预加载完成
2025-11-23 16:06:58,636 - INFO - 开始处理用户 11 的相似用户分析
2025-11-23 16:06:58,732 - ERROR - 寻找相似用户失败: 11
2025-11-23 16:06:58,733 - ERROR - 任务执行错误: 11
Traceback (most recent call last):
  File "D:\Python\Video_Great_Again\ui.py", line 305, in _execute_task
    results = task1_similar_users.find_similar_users(int(user_id))
  File "D:\Python\Video_Great_Again\task1_similar_users.py", line 80, in find_similar_users
    target_idx = _user_to_idx[target_user_id]
KeyError: 11
2025-11-23 16:07:30,541 - INFO - 使用现有数据文件
2025-11-23 16:07:30,542 - INFO - 视频数据已加载到缓存
2025-11-23 16:07:30,870 - INFO - 操作数据已加载到缓存
2025-11-23 16:07:30,873 - INFO - 用户数据已加载到缓存
2025-11-23 16:07:30,873 - INFO - 所有数据预加载完成
2025-11-23 16:07:43,783 - ERROR - 用户聚类失败: Found array with 0 sample(s) (shape=(0, 1)) while a minimum of 1 is required by StandardScaler.
Traceback (most recent call last):
  File "D:\Python\Video_Great_Again\task4_user_clustering.py", line 76, in cluster_users
    user_features = scaler.fit_transform(user_tag_sparse)
  File "D:\conda\envs\VGA\lib\site-packages\sklearn\utils\_set_output.py", line 319, in wrapped
    data_to_wrap = f(self, X, *args, **kwargs)
  File "D:\conda\envs\VGA\lib\site-packages\sklearn\base.py", line 918, in fit_transform
    return self.fit(X, **fit_params).transform(X)
  File "D:\conda\envs\VGA\lib\site-packages\sklearn\preprocessing\_data.py", line 894, in fit
    return self.partial_fit(X, y, sample_weight)
  File "D:\conda\envs\VGA\lib\site-packages\sklearn\base.py", line 1389, in wrapper
    return fit_method(estimator, *args, **kwargs)
  File "D:\conda\envs\VGA\lib\site-packages\sklearn\preprocessing\_data.py", line 930, in partial_fit
    X = validate_data(
  File "D:\conda\envs\VGA\lib\site-packages\sklearn\utils\validation.py", line 2944, in validate_data
    out = check_array(X, input_name="X", **check_params)
  File "D:\conda\envs\VGA\lib\site-packages\sklearn\utils\validation.py", line 1130, in check_array
    raise ValueError(
ValueError: Found array with 0 sample(s) (shape=(0, 1)) while a minimum of 1 is required by StandardScaler.
2025-11-23 16:08:34,850 - INFO - 数据文件不存在或无效，开始生成新数据
2025-11-23 16:08:34,850 - INFO - 开始生成视频数据
2025-11-23 16:08:34,850 - INFO - 开始生成新的视频数据
2025-11-23 16:08:35,047 - INFO - 视频数据生成完成
2025-11-23 16:08:35,051 - INFO - 开始生成用户操作数据
2025-11-23 16:08:35,051 - INFO - 开始生成新的用户和操作数据
2025-11-23 16:08:39,140 - INFO - 用户和操作数据生成完成
2025-11-23 16:08:39,262 - INFO - 数据生成完成
2025-11-23 16:08:39,380 - INFO - 视频数据已加载到缓存
2025-11-23 16:08:39,638 - INFO - 操作数据已加载到缓存
2025-11-23 16:08:39,640 - INFO - 用户数据已加载到缓存
2025-11-23 16:08:39,640 - INFO - 所有数据预加载完成
2025-11-23 16:08:44,180 - INFO - 开始处理用户 2313 的相似用户分析
2025-11-23 16:08:44,353 - INFO - 成功找到用户 2313 的相似用户
2025-11-23 16:08:44,356 - INFO - 显示结果：5 行数据
2025-11-23 16:22:23,201 - INFO - 使用现有数据文件
2025-11-23 16:22:23,355 - INFO - 视频数据已加载到缓存
2025-11-23 16:22:23,675 - INFO - 操作数据已加载到缓存
2025-11-23 16:22:23,677 - INFO - 用户数据已加载到缓存
2025-11-23 16:22:23,677 - INFO - 所有数据预加载完成
2025-11-23 16:22:26,336 - ERROR - 任务执行错误: name 'task1_similar_users' is not defined
Traceback (most recent call last):
  File "D:\Python\Video_Great_Again\ui.py", line 305, in _execute_task
    results = task1_similar_users.find_similar_users(int(user_id))
NameError: name 'task1_similar_users' is not defined
2025-11-23 16:26:04,456 - INFO - 使用现有数据文件
2025-11-23 16:26:04,590 - INFO - 视频数据已加载到缓存
2025-11-23 16:26:04,889 - INFO - 操作数据已加载到缓存
2025-11-23 16:26:04,890 - INFO - 用户数据已加载到缓存
2025-11-23 16:26:04,890 - INFO - 所有数据预加载完成
2025-11-23 16:26:08,736 - INFO - 用户聚类结果已保存至: data/users_clustered.csv
2025-11-23 16:26:14,883 - INFO - 视频聚类结果已保存至: data/videos_clustered.csv
2025-11-23 16:36:58,595 - INFO - 使用现有数据文件
2025-11-23 16:36:58,740 - INFO - 视频数据已加载到缓存
2025-11-23 16:36:59,058 - INFO - 操作数据已加载到缓存
2025-11-23 16:36:59,061 - INFO - 用户数据已加载到缓存
2025-11-23 16:36:59,061 - INFO - 所有数据预加载完成
2025-11-23 16:38:55,456 - INFO - 开始处理用户 12 的相似用户分析
2025-11-23 16:38:55,711 - INFO - 成功找到用户 12 的相似用户
2025-11-23 16:38:55,715 - INFO - 显示结果：5 行数据
2025-11-23 16:38:58,645 - INFO - 开始处理用户 12 的视频推荐
2025-11-23 16:38:58,646 - INFO - 用户已观看视频数: 76
2025-11-23 16:38:58,652 - INFO - 开始处理用户 12 的相似用户分析
2025-11-23 16:38:58,652 - INFO - 成功找到用户 12 的相似用户
2025-11-23 16:38:58,726 - INFO - 成功为用户 12 生成 10 个视频推荐
2025-11-23 16:38:58,727 - INFO - 显示结果：10 行数据
2025-11-23 16:39:07,760 - INFO - 用户聚类结果已保存至: data/users_clustered.csv
2025-11-23 16:39:12,818 - INFO - 视频聚类结果已保存至: data/videos_clustered.csv
2025-11-23 16:39:23,395 - INFO - 更新簇 1: Positive=True. 新 (α=11, β=10, N=1)
2025-11-23 16:39:23,395 - INFO - 更新簇 1: Positive=True. 新 (α=12, β=10, N=2)
2025-11-23 16:39:23,395 - INFO - 更新簇 8: Positive=False. 新 (α=10, β=11, N=1)
2025-11-23 16:39:23,395 - INFO - 更新簇 5: Positive=False. 新 (α=10, β=11, N=1)
2025-11-23 16:39:23,395 - INFO - 更新簇 8: Positive=True. 新 (α=11, β=11, N=2)
2025-11-23 16:39:23,395 - INFO - 更新簇 1: Positive=True. 新 (α=13, β=10, N=3)
2025-11-23 16:39:23,395 - INFO - 更新簇 1: Positive=True. 新 (α=14, β=10, N=4)
2025-11-23 16:39:23,395 - INFO - 更新簇 1: Positive=True. 新 (α=15, β=10, N=5)
2025-11-23 16:39:23,395 - INFO - 更新簇 5: Positive=True. 新 (α=11, β=11, N=2)
2025-11-23 16:39:23,395 - INFO - 更新簇 1: Positive=True. 新 (α=16, β=10, N=6)
2025-11-23 16:39:28,643 - WARNING - 实际 Embedding 维度与传入的 embedding_dim 不匹配！
2025-11-23 16:39:28,644 - INFO - LinUCBBandit 加载 Embedding 成功。Context 维度: 12
2025-11-23 16:39:28,644 - WARNING - 无法获取簇 Embedding: (1, 5).
2025-11-23 16:39:28,644 - WARNING - 无法获取簇 Embedding: (1, 10).
2025-11-23 16:39:28,644 - WARNING - 无法获取簇 Embedding: (1, 5).
2025-11-23 16:39:28,644 - WARNING - 无法获取簇 Embedding: (1, 5).
2025-11-23 16:39:28,644 - WARNING - 无法获取簇 Embedding: (1, 10).
2025-11-23 16:39:28,644 - WARNING - 无法获取簇 Embedding: (1, 5).
2025-11-23 16:39:28,645 - WARNING - 无法获取簇 Embedding: (1, 5).
2025-11-23 16:39:28,645 - WARNING - 无法获取簇 Embedding: (1, 10).
2025-11-23 16:39:28,645 - WARNING - 无法获取簇 Embedding: (1, 5).
2025-11-23 16:39:28,645 - WARNING - 无法获取簇 Embedding: (1, 5).
2025-11-23 16:39:28,645 - WARNING - 无法获取簇 Embedding: (1, 10).
2025-11-23 16:39:28,645 - WARNING - 无法获取簇 Embedding: (1, 5).
2025-11-23 16:39:28,645 - WARNING - 无法获取簇 Embedding: (1, 5).
2025-11-23 16:39:28,645 - WARNING - 无法获取簇 Embedding: (1, 10).
2025-11-23 16:39:28,645 - WARNING - 无法获取簇 Embedding: (1, 5).
2025-11-23 16:39:28,645 - WARNING - 无法获取簇 Embedding: (1, 5).
2025-11-23 16:39:28,645 - WARNING - 无法获取簇 Embedding: (1, 10).
2025-11-23 16:39:44,077 - INFO - 更新簇 8: Positive=False. 新 (α=10, β=11, N=1)
2025-11-23 16:39:44,078 - INFO - 更新簇 5: Positive=True. 新 (α=11, β=10, N=1)
2025-11-23 16:39:44,078 - INFO - 更新簇 5: Positive=True. 新 (α=12, β=10, N=2)
2025-11-23 16:39:44,078 - INFO - 更新簇 5: Positive=False. 新 (α=12, β=11, N=3)
2025-11-23 16:39:44,078 - INFO - 更新簇 1: Positive=False. 新 (α=10, β=11, N=1)
2025-11-23 16:39:44,078 - INFO - 更新簇 1: Positive=True. 新 (α=11, β=11, N=2)
2025-11-23 16:39:44,078 - INFO - 更新簇 5: Positive=True. 新 (α=13, β=11, N=4)
2025-11-23 16:39:44,078 - INFO - 更新簇 1: Positive=False. 新 (α=11, β=12, N=3)
2025-11-23 16:39:44,078 - INFO - 更新簇 5: Positive=False. 新 (α=13, β=12, N=5)
2025-11-23 16:39:44,078 - INFO - 更新簇 5: Positive=False. 新 (α=13, β=13, N=6)
2025-11-23 16:39:44,763 - INFO - 更新簇 8: Positive=True. 新 (α=11, β=10, N=1)
2025-11-23 16:39:44,763 - INFO - 更新簇 8: Positive=False. 新 (α=11, β=11, N=2)
2025-11-23 16:39:44,763 - INFO - 更新簇 1: Positive=False. 新 (α=10, β=11, N=1)
2025-11-23 16:39:44,763 - INFO - 更新簇 5: Positive=True. 新 (α=11, β=10, N=1)
2025-11-23 16:39:44,763 - INFO - 更新簇 1: Positive=False. 新 (α=10, β=12, N=2)
2025-11-23 16:39:44,763 - INFO - 更新簇 5: Positive=True. 新 (α=12, β=10, N=2)
2025-11-23 16:39:44,763 - INFO - 更新簇 5: Positive=False. 新 (α=12, β=11, N=3)
2025-11-23 16:39:44,764 - INFO - 更新簇 5: Positive=True. 新 (α=13, β=11, N=4)
2025-11-23 16:39:44,764 - INFO - 更新簇 5: Positive=True. 新 (α=14, β=11, N=5)
2025-11-23 16:39:44,764 - INFO - 更新簇 1: Positive=False. 新 (α=10, β=13, N=3)
2025-11-23 16:39:46,549 - WARNING - 实际 Embedding 维度与传入的 embedding_dim 不匹配！
2025-11-23 16:39:46,549 - INFO - LinUCBBandit 加载 Embedding 成功。Context 维度: 12
2025-11-23 16:39:46,550 - WARNING - 无法获取簇 Embedding: (1, 5).
2025-11-23 16:39:46,550 - WARNING - 无法获取簇 Embedding: (1, 10).
2025-11-23 16:39:46,550 - WARNING - 无法获取簇 Embedding: (1, 5).
2025-11-23 16:39:46,550 - WARNING - 无法获取簇 Embedding: (1, 5).
2025-11-23 16:39:46,550 - WARNING - 无法获取簇 Embedding: (1, 10).
2025-11-23 16:39:46,550 - WARNING - 无法获取簇 Embedding: (1, 5).
2025-11-23 16:39:46,550 - WARNING - 无法获取簇 Embedding: (1, 5).
2025-11-23 16:39:46,550 - WARNING - 无法获取簇 Embedding: (1, 10).
2025-11-23 16:39:46,550 - WARNING - 无法获取簇 Embedding: (1, 5).
2025-11-23 16:39:46,550 - WARNING - 无法获取簇 Embedding: (1, 5).
2025-11-23 16:39:46,550 - WARNING - 无法获取簇 Embedding: (1, 10).
2025-11-23 16:39:46,550 - WARNING - 无法获取簇 Embedding: (1, 5).
2025-11-23 16:39:46,550 - WARNING - 无法获取簇 Embedding: (1, 5).
2025-11-23 16:39:46,550 - WARNING - 无法获取簇 Embedding: (1, 10).
2025-11-23 16:39:46,550 - WARNING - 无法获取簇 Embedding: (1, 5).
2025-11-23 16:39:46,550 - WARNING - 无法获取簇 Embedding: (1, 5).
2025-11-23 16:39:46,551 - WARNING - 无法获取簇 Embedding: (1, 10).
2025-11-23 16:41:46,146 - INFO - 使用现有数据文件
2025-11-23 16:41:46,289 - INFO - 视频数据已加载到缓存
2025-11-23 16:41:46,581 - INFO - 操作数据已加载到缓存
2025-11-23 16:41:46,585 - INFO - 用户数据已加载到缓存
2025-11-23 16:41:46,585 - INFO - 所有数据预加载完成
2025-11-23 16:42:44,537 - INFO - 视频聚类结果已保存至: data/videos_clustered.csv
2025-11-23 16:43:04,850 - INFO - 视频聚类结果已保存至: data/videos_clustered.csv
2025-11-23 16:47:09,081 - INFO - 使用现有数据文件
2025-11-23 16:47:09,222 - INFO - 视频数据已加载到缓存
2025-11-23 16:47:09,517 - INFO - 操作数据已加载到缓存
2025-11-23 16:47:09,519 - INFO - 用户数据已加载到缓存
2025-11-23 16:47:09,519 - INFO - 所有数据预加载完成
2025-11-23 16:47:25,595 - INFO - 用户聚类结果已保存至: data/users_clustered.csv
2025-11-23 16:47:30,596 - INFO - 视频聚类结果已保存至: data/videos_clustered.csv
2025-11-23 16:47:39,159 - INFO - 更新簇 5: Positive=False. 新 (α=10, β=11, N=1)
2025-11-23 16:47:39,159 - INFO - 更新簇 5: Positive=True. 新 (α=11, β=11, N=2)
2025-11-23 16:47:39,159 - INFO - 更新簇 1: Positive=False. 新 (α=10, β=11, N=1)
2025-11-23 16:47:39,159 - INFO - 更新簇 8: Positive=False. 新 (α=10, β=11, N=1)
2025-11-23 16:47:39,159 - INFO - 更新簇 8: Positive=True. 新 (α=11, β=11, N=2)
2025-11-23 16:47:39,159 - INFO - 更新簇 1: Positive=False. 新 (α=10, β=12, N=2)
2025-11-23 16:47:39,159 - INFO - 更新簇 5: Positive=False. 新 (α=11, β=12, N=3)
2025-11-23 16:47:39,159 - INFO - 更新簇 5: Positive=True. 新 (α=12, β=12, N=4)
2025-11-23 16:47:39,159 - INFO - 更新簇 1: Positive=True. 新 (α=11, β=12, N=3)
2025-11-23 16:47:39,159 - INFO - 更新簇 5: Positive=False. 新 (α=12, β=13, N=5)
2025-11-23 16:47:41,523 - INFO - LinUCBBandit 加载 Embedding 成功。Context 维度: 8
2025-11-23 16:47:41,523 - WARNING - 无法获取簇 Embedding: (1, 5).
2025-11-23 16:47:41,523 - WARNING - 无法获取簇 Embedding: (1, 10).
2025-11-23 16:47:41,523 - WARNING - 无法获取簇 Embedding: (1, 5).
2025-11-23 16:47:41,523 - WARNING - 无法获取簇 Embedding: (1, 5).
2025-11-23 16:47:41,523 - WARNING - 无法获取簇 Embedding: (1, 10).
2025-11-23 16:47:41,523 - WARNING - 无法获取簇 Embedding: (1, 5).
2025-11-23 16:47:41,523 - WARNING - 无法获取簇 Embedding: (1, 5).
2025-11-23 16:47:41,523 - WARNING - 无法获取簇 Embedding: (1, 10).
2025-11-23 16:47:41,524 - WARNING - 无法获取簇 Embedding: (1, 5).
2025-11-23 16:47:41,524 - WARNING - 无法获取簇 Embedding: (1, 5).
2025-11-23 16:47:41,524 - WARNING - 无法获取簇 Embedding: (1, 10).
2025-11-23 16:47:41,524 - WARNING - 无法获取簇 Embedding: (1, 5).
2025-11-23 16:47:41,524 - WARNING - 无法获取簇 Embedding: (1, 5).
2025-11-23 16:47:41,524 - WARNING - 无法获取簇 Embedding: (1, 10).
2025-11-23 16:47:41,524 - WARNING - 无法获取簇 Embedding: (1, 5).
2025-11-23 16:47:41,524 - WARNING - 无法获取簇 Embedding: (1, 5).
2025-11-23 16:47:41,524 - WARNING - 无法获取簇 Embedding: (1, 10).
2025-11-23 16:49:01,927 - INFO - 更新簇 5: Positive=True. 新 (α=11, β=10, N=1)
2025-11-23 16:49:01,927 - INFO - 更新簇 5: Positive=True. 新 (α=12, β=10, N=2)
2025-11-23 16:49:01,927 - INFO - 更新簇 1: Positive=True. 新 (α=11, β=10, N=1)
2025-11-23 16:49:01,927 - INFO - 更新簇 1: Positive=True. 新 (α=12, β=10, N=2)
2025-11-23 16:49:01,927 - INFO - 更新簇 5: Positive=True. 新 (α=13, β=10, N=3)
2025-11-23 16:49:01,927 - INFO - 更新簇 1: Positive=True. 新 (α=13, β=10, N=3)
2025-11-23 16:49:01,927 - INFO - 更新簇 1: Positive=False. 新 (α=13, β=11, N=4)
2025-11-23 16:49:01,927 - INFO - 更新簇 5: Positive=True. 新 (α=14, β=10, N=4)
2025-11-23 16:49:01,927 - INFO - 更新簇 5: Positive=True. 新 (α=15, β=10, N=5)
2025-11-23 16:49:01,927 - INFO - 更新簇 5: Positive=True. 新 (α=16, β=10, N=6)
2025-11-23 16:49:02,562 - INFO - 更新簇 1: Positive=True. 新 (α=11, β=10, N=1)
2025-11-23 16:49:02,564 - INFO - 更新簇 1: Positive=False. 新 (α=11, β=11, N=2)
2025-11-23 16:49:02,564 - INFO - 更新簇 8: Positive=True. 新 (α=11, β=10, N=1)
2025-11-23 16:49:02,564 - INFO - 更新簇 5: Positive=True. 新 (α=11, β=10, N=1)
2025-11-23 16:49:02,564 - INFO - 更新簇 5: Positive=True. 新 (α=12, β=10, N=2)
2025-11-23 16:49:02,564 - INFO - 更新簇 8: Positive=False. 新 (α=11, β=11, N=2)
2025-11-23 16:49:02,564 - INFO - 更新簇 5: Positive=True. 新 (α=13, β=10, N=3)
2025-11-23 16:49:02,564 - INFO - 更新簇 5: Positive=True. 新 (α=14, β=10, N=4)
2025-11-23 16:49:02,564 - INFO - 更新簇 5: Positive=True. 新 (α=15, β=10, N=5)
2025-11-23 16:49:02,564 - INFO - 更新簇 5: Positive=False. 新 (α=15, β=11, N=6)
2025-11-23 16:49:03,168 - INFO - 更新簇 5: Positive=True. 新 (α=11, β=10, N=1)
2025-11-23 16:49:03,168 - INFO - 更新簇 1: Positive=True. 新 (α=11, β=10, N=1)
2025-11-23 16:49:03,168 - INFO - 更新簇 8: Positive=False. 新 (α=10, β=11, N=1)
2025-11-23 16:49:03,168 - INFO - 更新簇 1: Positive=False. 新 (α=11, β=11, N=2)
2025-11-23 16:49:03,168 - INFO - 更新簇 5: Positive=True. 新 (α=12, β=10, N=2)
2025-11-23 16:49:03,168 - INFO - 更新簇 5: Positive=True. 新 (α=13, β=10, N=3)
2025-11-23 16:49:03,168 - INFO - 更新簇 5: Positive=False. 新 (α=13, β=11, N=4)
2025-11-23 16:49:03,168 - INFO - 更新簇 5: Positive=False. 新 (α=13, β=12, N=5)
2025-11-23 16:49:03,168 - INFO - 更新簇 8: Positive=False. 新 (α=10, β=12, N=2)
2025-11-23 16:49:03,168 - INFO - 更新簇 5: Positive=True. 新 (α=14, β=12, N=6)
2025-11-23 16:49:07,198 - INFO - 更新簇 5: Positive=True. 新 (α=11, β=10, N=1)
2025-11-23 16:49:07,198 - INFO - 更新簇 5: Positive=True. 新 (α=12, β=10, N=2)
2025-11-23 16:49:07,198 - INFO - 更新簇 1: Positive=False. 新 (α=10, β=11, N=1)
2025-11-23 16:49:07,198 - INFO - 更新簇 1: Positive=True. 新 (α=11, β=11, N=2)
2025-11-23 16:49:07,198 - INFO - 更新簇 5: Positive=True. 新 (α=13, β=10, N=3)
2025-11-23 16:49:07,198 - INFO - 更新簇 1: Positive=True. 新 (α=12, β=11, N=3)
2025-11-23 16:49:07,198 - INFO - 更新簇 5: Positive=True. 新 (α=14, β=10, N=4)
2025-11-23 16:49:07,198 - INFO - 更新簇 8: Positive=False. 新 (α=10, β=11, N=1)
2025-11-23 16:49:07,198 - INFO - 更新簇 1: Positive=False. 新 (α=12, β=12, N=4)
2025-11-23 16:49:07,198 - INFO - 更新簇 1: Positive=False. 新 (α=12, β=13, N=5)
2025-11-23 16:52:14,630 - INFO - 使用现有数据文件
2025-11-23 16:52:14,775 - INFO - 视频数据已加载到缓存
2025-11-23 16:52:15,062 - INFO - 操作数据已加载到缓存
2025-11-23 16:52:15,064 - INFO - 用户数据已加载到缓存
2025-11-23 16:52:15,064 - INFO - 所有数据预加载完成
2025-11-23 16:52:21,992 - INFO - 用户聚类结果已保存至: data/users_clustered.csv
2025-11-23 16:52:34,308 - INFO - 用户聚类结果已保存至: data/users_clustered.csv
2025-11-23 16:52:48,337 - INFO - 视频聚类结果已保存至: data/videos_clustered.csv
2025-11-23 16:52:56,822 - INFO - 更新簇 5: Positive=True. 新 (α=2, β=1, N=1)
2025-11-23 16:52:56,822 - INFO - 更新簇 5: Positive=True. 新 (α=3, β=1, N=2)
2025-11-23 16:52:56,822 - INFO - 更新簇 5: Positive=True. 新 (α=4, β=1, N=3)
2025-11-23 16:52:56,823 - INFO - 更新簇 1: Positive=True. 新 (α=2, β=1, N=1)
2025-11-23 16:52:56,823 - INFO - 更新簇 5: Positive=True. 新 (α=5, β=1, N=4)
2025-11-23 16:52:56,823 - INFO - 更新簇 1: Positive=False. 新 (α=2, β=2, N=2)
2025-11-23 16:52:56,823 - INFO - 更新簇 5: Positive=True. 新 (α=6, β=1, N=5)
2025-11-23 16:52:56,823 - INFO - 更新簇 5: Positive=True. 新 (α=7, β=1, N=6)
2025-11-23 16:52:56,823 - INFO - 更新簇 5: Positive=False. 新 (α=7, β=2, N=7)
2025-11-23 16:52:56,823 - INFO - 更新簇 1: Positive=True. 新 (α=3, β=2, N=3)
2025-11-23 16:52:56,823 - INFO - 更新簇 5: Positive=False. 新 (α=7, β=3, N=8)
2025-11-23 16:52:56,823 - INFO - 更新簇 1: Positive=True. 新 (α=4, β=2, N=4)
2025-11-23 16:52:56,823 - INFO - 更新簇 8: Positive=False. 新 (α=1, β=2, N=1)
2025-11-23 16:52:56,823 - INFO - 更新簇 5: Positive=True. 新 (α=8, β=3, N=9)
2025-11-23 16:52:56,823 - INFO - 更新簇 1: Positive=False. 新 (α=4, β=3, N=5)
2025-11-23 16:52:56,823 - INFO - 更新簇 5: Positive=True. 新 (α=9, β=3, N=10)
2025-11-23 16:52:56,823 - INFO - 更新簇 1: Positive=False. 新 (α=4, β=4, N=6)
2025-11-23 16:52:56,823 - INFO - 更新簇 5: Positive=True. 新 (α=10, β=3, N=11)
2025-11-23 16:52:56,823 - INFO - 更新簇 5: Positive=True. 新 (α=11, β=3, N=12)
2025-11-23 16:52:56,823 - INFO - 更新簇 5: Positive=True. 新 (α=12, β=3, N=13)
2025-11-23 16:52:56,824 - INFO - 更新簇 5: Positive=False. 新 (α=12, β=4, N=14)
2025-11-23 16:52:56,824 - INFO - 更新簇 5: Positive=True. 新 (α=13, β=4, N=15)
2025-11-23 16:52:56,824 - INFO - 更新簇 5: Positive=True. 新 (α=14, β=4, N=16)
2025-11-23 16:52:56,824 - INFO - 更新簇 5: Positive=True. 新 (α=15, β=4, N=17)
2025-11-23 16:52:56,824 - INFO - 更新簇 5: Positive=True. 新 (α=16, β=4, N=18)
2025-11-23 16:52:56,824 - INFO - 更新簇 5: Positive=False. 新 (α=16, β=5, N=19)
2025-11-23 16:52:56,824 - INFO - 更新簇 5: Positive=True. 新 (α=17, β=5, N=20)
2025-11-23 16:52:56,824 - INFO - 更新簇 5: Positive=True. 新 (α=18, β=5, N=21)
2025-11-23 16:52:56,824 - INFO - 更新簇 5: Positive=True. 新 (α=19, β=5, N=22)
2025-11-23 16:52:56,824 - INFO - 更新簇 5: Positive=True. 新 (α=20, β=5, N=23)
2025-11-23 16:52:56,824 - INFO - 更新簇 5: Positive=True. 新 (α=21, β=5, N=24)
2025-11-23 16:52:56,824 - INFO - 更新簇 5: Positive=True. 新 (α=22, β=5, N=25)
2025-11-23 16:52:56,824 - INFO - 更新簇 5: Positive=True. 新 (α=23, β=5, N=26)
2025-11-23 16:52:56,824 - INFO - 更新簇 5: Positive=False. 新 (α=23, β=6, N=27)
2025-11-23 16:52:56,824 - INFO - 更新簇 5: Positive=True. 新 (α=24, β=6, N=28)
2025-11-23 16:52:56,824 - INFO - 更新簇 5: Positive=True. 新 (α=25, β=6, N=29)
2025-11-23 16:52:56,824 - INFO - 更新簇 8: Positive=False. 新 (α=1, β=3, N=2)
2025-11-23 16:52:56,824 - INFO - 更新簇 5: Positive=False. 新 (α=25, β=7, N=30)
2025-11-23 16:52:56,824 - INFO - 更新簇 5: Positive=True. 新 (α=26, β=7, N=31)
2025-11-23 16:52:56,824 - INFO - 更新簇 5: Positive=True. 新 (α=27, β=7, N=32)
2025-11-23 16:52:56,824 - INFO - 更新簇 5: Positive=True. 新 (α=28, β=7, N=33)
2025-11-23 16:52:56,824 - INFO - 更新簇 5: Positive=True. 新 (α=29, β=7, N=34)
2025-11-23 16:52:56,824 - INFO - 更新簇 1: Positive=False. 新 (α=4, β=5, N=7)
2025-11-23 16:52:56,824 - INFO - 更新簇 5: Positive=False. 新 (α=29, β=8, N=35)
2025-11-23 16:52:56,824 - INFO - 更新簇 5: Positive=True. 新 (α=30, β=8, N=36)
2025-11-23 16:52:56,824 - INFO - 更新簇 5: Positive=True. 新 (α=31, β=8, N=37)
2025-11-23 16:52:56,824 - INFO - 更新簇 5: Positive=True. 新 (α=32, β=8, N=38)
2025-11-23 16:52:56,824 - INFO - 更新簇 5: Positive=False. 新 (α=32, β=9, N=39)
2025-11-23 16:52:56,824 - INFO - 更新簇 5: Positive=True. 新 (α=33, β=9, N=40)
2025-11-23 16:52:56,824 - INFO - 更新簇 5: Positive=True. 新 (α=34, β=9, N=41)
2025-11-23 16:53:06,373 - WARNING - 实际 Embedding 维度与传入的 embedding_dim 不匹配！
2025-11-23 16:53:06,373 - INFO - LinUCBBandit 加载 Embedding 成功。Context 维度: 14
2025-11-23 16:53:06,374 - WARNING - 无法获取簇 Embedding: (1, 10).
2025-11-23 16:53:06,374 - INFO - 更新臂 (1, 5): Reward=0.8000
2025-11-23 16:53:06,374 - WARNING - 无法获取簇 Embedding: (1, 10).
2025-11-23 16:53:06,374 - INFO - 更新臂 (1, 5): Reward=0.8000
2025-11-23 16:53:06,374 - WARNING - 无法获取簇 Embedding: (1, 10).
2025-11-23 16:53:06,374 - INFO - 更新臂 (1, 5): Reward=0.8000
2025-11-23 16:53:06,374 - WARNING - 无法获取簇 Embedding: (1, 10).
2025-11-23 16:53:06,374 - INFO - 更新臂 (1, 5): Reward=0.8000
2025-11-23 16:53:06,374 - WARNING - 无法获取簇 Embedding: (1, 10).
2025-11-23 16:53:06,374 - INFO - 更新臂 (1, 5): Reward=0.8000
2025-11-23 16:53:06,375 - WARNING - 无法获取簇 Embedding: (1, 10).
2025-11-23 16:55:31,380 - INFO - 用户聚类结果已保存至: data/users_clustered.csv
2025-11-23 16:55:39,322 - INFO - 视频聚类结果已保存至: data/videos_clustered.csv
2025-11-23 16:55:53,151 - INFO - 更新簇 1: Positive=True. 新 (α=2, β=1, N=1)
2025-11-23 16:55:53,151 - INFO - 更新簇 8: Positive=True. 新 (α=2, β=1, N=1)
2025-11-23 16:55:53,151 - INFO - 更新簇 1: Positive=False. 新 (α=2, β=2, N=2)
2025-11-23 16:55:53,151 - INFO - 更新簇 8: Positive=False. 新 (α=2, β=2, N=2)
2025-11-23 16:55:53,151 - INFO - 更新簇 8: Positive=True. 新 (α=3, β=2, N=3)
2025-11-23 16:55:53,151 - INFO - 更新簇 8: Positive=False. 新 (α=3, β=3, N=4)
2025-11-23 16:55:53,151 - INFO - 更新簇 5: Positive=True. 新 (α=2, β=1, N=1)
2025-11-23 16:55:53,151 - INFO - 更新簇 8: Positive=False. 新 (α=3, β=4, N=5)
2025-11-23 16:55:53,151 - INFO - 更新簇 5: Positive=False. 新 (α=2, β=2, N=2)
2025-11-23 16:55:53,151 - INFO - 更新簇 8: Positive=False. 新 (α=3, β=5, N=6)
2025-11-23 16:55:53,151 - INFO - 更新簇 1: Positive=False. 新 (α=2, β=3, N=3)
2025-11-23 16:55:53,151 - INFO - 更新簇 5: Positive=False. 新 (α=2, β=3, N=3)
2025-11-23 16:55:53,151 - INFO - 更新簇 8: Positive=False. 新 (α=3, β=6, N=7)
2025-11-23 16:55:53,152 - INFO - 更新簇 8: Positive=False. 新 (α=3, β=7, N=8)
2025-11-23 16:55:53,152 - INFO - 更新簇 5: Positive=True. 新 (α=3, β=3, N=4)
2025-11-23 16:55:53,152 - INFO - 更新簇 8: Positive=False. 新 (α=3, β=8, N=9)
2025-11-23 16:55:53,152 - INFO - 更新簇 5: Positive=True. 新 (α=4, β=3, N=5)
2025-11-23 16:55:53,152 - INFO - 更新簇 5: Positive=True. 新 (α=5, β=3, N=6)
2025-11-23 16:55:53,152 - INFO - 更新簇 5: Positive=False. 新 (α=5, β=4, N=7)
2025-11-23 16:55:53,152 - INFO - 更新簇 1: Positive=False. 新 (α=2, β=4, N=4)
2025-11-23 16:55:53,152 - INFO - 更新簇 5: Positive=False. 新 (α=5, β=5, N=8)
2025-11-23 16:55:53,152 - INFO - 更新簇 5: Positive=True. 新 (α=6, β=5, N=9)
2025-11-23 16:55:53,152 - INFO - 更新簇 5: Positive=True. 新 (α=7, β=5, N=10)
2025-11-23 16:55:53,152 - INFO - 更新簇 5: Positive=False. 新 (α=7, β=6, N=11)
2025-11-23 16:55:53,152 - INFO - 更新簇 1: Positive=True. 新 (α=3, β=4, N=5)
2025-11-23 16:55:53,152 - INFO - 更新簇 5: Positive=True. 新 (α=8, β=6, N=12)
2025-11-23 16:55:53,152 - INFO - 更新簇 5: Positive=True. 新 (α=9, β=6, N=13)
2025-11-23 16:55:53,153 - INFO - 更新簇 5: Positive=True. 新 (α=10, β=6, N=14)
2025-11-23 16:55:53,153 - INFO - 更新簇 5: Positive=True. 新 (α=11, β=6, N=15)
2025-11-23 16:55:53,153 - INFO - 更新簇 5: Positive=False. 新 (α=11, β=7, N=16)
2025-11-23 16:55:53,153 - INFO - 更新簇 5: Positive=False. 新 (α=11, β=8, N=17)
2025-11-23 16:55:53,153 - INFO - 更新簇 5: Positive=False. 新 (α=11, β=9, N=18)
2025-11-23 16:55:53,153 - INFO - 更新簇 5: Positive=True. 新 (α=12, β=9, N=19)
2025-11-23 16:55:53,153 - INFO - 更新簇 5: Positive=True. 新 (α=13, β=9, N=20)
2025-11-23 16:55:53,153 - INFO - 更新簇 5: Positive=True. 新 (α=14, β=9, N=21)
2025-11-23 16:55:53,153 - INFO - 更新簇 5: Positive=True. 新 (α=15, β=9, N=22)
2025-11-23 16:55:53,153 - INFO - 更新簇 5: Positive=False. 新 (α=15, β=10, N=23)
2025-11-23 16:55:53,153 - INFO - 更新簇 5: Positive=True. 新 (α=16, β=10, N=24)
2025-11-23 16:55:53,153 - INFO - 更新簇 5: Positive=False. 新 (α=16, β=11, N=25)
2025-11-23 16:55:53,153 - INFO - 更新簇 5: Positive=True. 新 (α=17, β=11, N=26)
2025-11-23 16:55:53,154 - INFO - 更新簇 1: Positive=False. 新 (α=3, β=5, N=6)
2025-11-23 16:55:53,154 - INFO - 更新簇 5: Positive=True. 新 (α=18, β=11, N=27)
2025-11-23 16:55:53,154 - INFO - 更新簇 5: Positive=False. 新 (α=18, β=12, N=28)
2025-11-23 16:55:53,154 - INFO - 更新簇 5: Positive=False. 新 (α=18, β=13, N=29)
2025-11-23 16:55:53,154 - INFO - 更新簇 5: Positive=True. 新 (α=19, β=13, N=30)
2025-11-23 16:55:53,154 - INFO - 更新簇 5: Positive=True. 新 (α=20, β=13, N=31)
2025-11-23 16:55:53,154 - INFO - 更新簇 5: Positive=False. 新 (α=20, β=14, N=32)
2025-11-23 16:55:53,154 - INFO - 更新簇 5: Positive=True. 新 (α=21, β=14, N=33)
2025-11-23 16:55:53,154 - INFO - 更新簇 5: Positive=False. 新 (α=21, β=15, N=34)
2025-11-23 16:55:53,154 - INFO - 更新簇 5: Positive=True. 新 (α=22, β=15, N=35)
2025-11-23 16:55:56,732 - WARNING - 实际 Embedding 维度与传入的 embedding_dim 不匹配！
2025-11-23 16:55:56,732 - INFO - LinUCBBandit 加载 Embedding 成功。Context 维度: 20
2025-11-23 16:55:56,734 - INFO - 更新臂 (1, 1): Reward=0.8000
2025-11-23 16:55:56,734 - INFO - 更新臂 (1, 4): Reward=0.2000
2025-11-23 16:55:56,734 - INFO - 更新臂 (1, 1): Reward=0.8000
2025-11-23 16:55:56,734 - INFO - 更新臂 (1, 1): Reward=0.8000
2025-11-23 16:55:56,735 - INFO - 更新臂 (1, 1): Reward=0.8000
2025-11-23 16:56:39,265 - INFO - 使用现有数据文件
2025-11-23 16:56:39,393 - INFO - 视频数据已加载到缓存
2025-11-23 16:56:39,690 - INFO - 操作数据已加载到缓存
2025-11-23 16:56:39,692 - INFO - 用户数据已加载到缓存
2025-11-23 16:56:39,693 - INFO - 所有数据预加载完成
2025-11-23 16:56:41,007 - INFO - 开始处理用户 111 的相似用户分析
2025-11-23 16:56:41,190 - INFO - 成功找到用户 111 的相似用户
2025-11-23 16:56:41,191 - INFO - 显示结果：5 行数据
2025-11-23 16:56:45,495 - INFO - 开始处理用户 223 的视频推荐
2025-11-23 16:56:45,497 - INFO - 用户已观看视频数: 112
2025-11-23 16:56:45,503 - INFO - 开始处理用户 223 的相似用户分析
2025-11-23 16:56:45,504 - INFO - 成功找到用户 223 的相似用户
2025-11-23 16:56:45,562 - INFO - 成功为用户 223 生成 10 个视频推荐
2025-11-23 16:56:45,562 - INFO - 显示结果：10 行数据
2025-11-23 16:56:58,268 - INFO - 用户聚类结果已保存至: data/users_clustered.csv
2025-11-23 16:57:05,885 - INFO - 视频聚类结果已保存至: data/videos_clustered.csv
2025-11-23 16:57:17,615 - INFO - 更新簇 8: Positive=False. 新 (α=1, β=2, N=1)
2025-11-23 16:57:17,615 - INFO - 更新簇 1: Positive=False. 新 (α=1, β=2, N=1)
2025-11-23 16:57:17,615 - INFO - 更新簇 5: Positive=True. 新 (α=2, β=1, N=1)
2025-11-23 16:57:17,615 - INFO - 更新簇 1: Positive=False. 新 (α=1, β=3, N=2)
2025-11-23 16:57:17,615 - INFO - 更新簇 5: Positive=True. 新 (α=3, β=1, N=2)
2025-11-23 16:57:17,615 - INFO - 更新簇 5: Positive=False. 新 (α=3, β=2, N=3)
2025-11-23 16:57:17,615 - INFO - 更新簇 8: Positive=False. 新 (α=1, β=3, N=2)
2025-11-23 16:57:17,615 - INFO - 更新簇 5: Positive=True. 新 (α=4, β=2, N=4)
2025-11-23 16:57:17,616 - INFO - 更新簇 5: Positive=True. 新 (α=5, β=2, N=5)
2025-11-23 16:57:17,616 - INFO - 更新簇 5: Positive=True. 新 (α=6, β=2, N=6)
2025-11-23 16:57:17,616 - INFO - 更新簇 5: Positive=True. 新 (α=7, β=2, N=7)
2025-11-23 16:57:17,616 - INFO - 更新簇 5: Positive=True. 新 (α=8, β=2, N=8)
2025-11-23 16:57:17,616 - INFO - 更新簇 5: Positive=True. 新 (α=9, β=2, N=9)
2025-11-23 16:57:17,616 - INFO - 更新簇 5: Positive=False. 新 (α=9, β=3, N=10)
2025-11-23 16:57:17,616 - INFO - 更新簇 5: Positive=True. 新 (α=10, β=3, N=11)
2025-11-23 16:57:17,616 - INFO - 更新簇 5: Positive=True. 新 (α=11, β=3, N=12)
2025-11-23 16:57:17,616 - INFO - 更新簇 5: Positive=True. 新 (α=12, β=3, N=13)
2025-11-23 16:57:17,616 - INFO - 更新簇 5: Positive=True. 新 (α=13, β=3, N=14)
2025-11-23 16:57:17,616 - INFO - 更新簇 5: Positive=True. 新 (α=14, β=3, N=15)
2025-11-23 16:57:17,616 - INFO - 更新簇 5: Positive=True. 新 (α=15, β=3, N=16)
2025-11-23 16:57:17,616 - INFO - 更新簇 5: Positive=True. 新 (α=16, β=3, N=17)
2025-11-23 16:57:17,617 - INFO - 更新簇 5: Positive=True. 新 (α=17, β=3, N=18)
2025-11-23 16:57:17,617 - INFO - 更新簇 5: Positive=True. 新 (α=18, β=3, N=19)
2025-11-23 16:57:17,617 - INFO - 更新簇 5: Positive=True. 新 (α=19, β=3, N=20)
2025-11-23 16:57:17,617 - INFO - 更新簇 5: Positive=False. 新 (α=19, β=4, N=21)
2025-11-23 16:57:17,617 - INFO - 更新簇 5: Positive=True. 新 (α=20, β=4, N=22)
2025-11-23 16:57:17,617 - INFO - 更新簇 5: Positive=True. 新 (α=21, β=4, N=23)
2025-11-23 16:57:17,617 - INFO - 更新簇 5: Positive=False. 新 (α=21, β=5, N=24)
2025-11-23 16:57:17,617 - INFO - 更新簇 5: Positive=True. 新 (α=22, β=5, N=25)
2025-11-23 16:57:17,617 - INFO - 更新簇 5: Positive=True. 新 (α=23, β=5, N=26)
2025-11-23 16:57:17,617 - INFO - 更新簇 5: Positive=True. 新 (α=24, β=5, N=27)
2025-11-23 16:57:17,617 - INFO - 更新簇 5: Positive=True. 新 (α=25, β=5, N=28)
2025-11-23 16:57:17,617 - INFO - 更新簇 5: Positive=True. 新 (α=26, β=5, N=29)
2025-11-23 16:57:17,617 - INFO - 更新簇 5: Positive=True. 新 (α=27, β=5, N=30)
2025-11-23 16:57:17,617 - INFO - 更新簇 5: Positive=True. 新 (α=28, β=5, N=31)
2025-11-23 16:57:17,618 - INFO - 更新簇 5: Positive=True. 新 (α=29, β=5, N=32)
2025-11-23 16:57:17,618 - INFO - 更新簇 5: Positive=False. 新 (α=29, β=6, N=33)
2025-11-23 16:57:17,618 - INFO - 更新簇 5: Positive=True. 新 (α=30, β=6, N=34)
2025-11-23 16:57:17,618 - INFO - 更新簇 5: Positive=True. 新 (α=31, β=6, N=35)
2025-11-23 16:57:17,618 - INFO - 更新簇 5: Positive=True. 新 (α=32, β=6, N=36)
2025-11-23 16:57:17,618 - INFO - 更新簇 5: Positive=True. 新 (α=33, β=6, N=37)
2025-11-23 16:57:17,618 - INFO - 更新簇 5: Positive=True. 新 (α=34, β=6, N=38)
2025-11-23 16:57:17,618 - INFO - 更新簇 5: Positive=True. 新 (α=35, β=6, N=39)
2025-11-23 16:57:17,618 - INFO - 更新簇 5: Positive=False. 新 (α=35, β=7, N=40)
2025-11-23 16:57:17,618 - INFO - 更新簇 5: Positive=True. 新 (α=36, β=7, N=41)
2025-11-23 16:57:17,618 - INFO - 更新簇 5: Positive=False. 新 (α=36, β=8, N=42)
2025-11-23 16:57:17,618 - INFO - 更新簇 5: Positive=True. 新 (α=37, β=8, N=43)
2025-11-23 16:57:17,619 - INFO - 更新簇 5: Positive=True. 新 (α=38, β=8, N=44)
2025-11-23 16:57:17,619 - INFO - 更新簇 5: Positive=False. 新 (α=38, β=9, N=45)
2025-11-23 16:57:17,619 - INFO - 更新簇 5: Positive=True. 新 (α=39, β=9, N=46)
2025-11-23 16:57:20,520 - WARNING - 实际 Embedding 维度与传入的 embedding_dim 不匹配！
2025-11-23 16:57:20,520 - INFO - LinUCBBandit 加载 Embedding 成功。Context 维度: 20
2025-11-23 16:57:20,520 - INFO - 更新臂 (1, 1): Reward=0.8000
2025-11-23 16:57:20,521 - INFO - 更新臂 (1, 4): Reward=0.2000
2025-11-23 16:57:20,521 - INFO - 更新臂 (1, 1): Reward=0.8000
2025-11-23 16:57:20,521 - INFO - 更新臂 (1, 1): Reward=0.8000
2025-11-23 16:57:20,521 - INFO - 更新臂 (1, 1): Reward=0.8000
2025-11-23 16:57:28,368 - WARNING - 实际 Embedding 维度与传入的 embedding_dim 不匹配！
2025-11-23 16:57:28,368 - INFO - LinUCBBandit 加载 Embedding 成功。Context 维度: 20
2025-11-23 16:57:28,369 - INFO - 更新臂 (1, 1): Reward=0.8000
2025-11-23 16:57:28,369 - INFO - 更新臂 (1, 4): Reward=0.2000
2025-11-23 16:57:28,369 - INFO - 更新臂 (1, 1): Reward=0.8000
2025-11-23 16:57:28,369 - INFO - 更新臂 (1, 1): Reward=0.8000
2025-11-23 16:57:28,369 - INFO - 更新臂 (1, 1): Reward=0.8000
2025-11-23 16:57:29,075 - WARNING - 实际 Embedding 维度与传入的 embedding_dim 不匹配！
2025-11-23 16:57:29,075 - INFO - LinUCBBandit 加载 Embedding 成功。Context 维度: 20
2025-11-23 16:57:29,075 - INFO - 更新臂 (1, 1): Reward=0.8000
2025-11-23 16:57:29,075 - INFO - 更新臂 (1, 4): Reward=0.2000
2025-11-23 16:57:29,077 - INFO - 更新臂 (1, 1): Reward=0.8000
2025-11-23 16:57:29,077 - INFO - 更新臂 (1, 1): Reward=0.8000
2025-11-23 16:57:29,077 - INFO - 更新臂 (1, 1): Reward=0.8000
2025-11-23 17:21:50,219 - INFO - 使用现有数据文件
2025-11-23 17:21:50,361 - INFO - 视频数据已加载到缓存
2025-11-23 17:21:50,682 - INFO - 操作数据已加载到缓存
2025-11-23 17:21:50,686 - INFO - 用户数据已加载到缓存
2025-11-23 17:21:50,686 - INFO - 所有数据预加载完成
